
============================================================
  PUNCTAJ MANAGER v2.5 - EXE BUILDER
============================================================

Checking source files...
py : Traceback (most recent call last):
At line:1 char:17
+ cd d:\punctaj ; py build_exe.py > build_output.txt 2>&1 ; echo "BUILD ...
+                 ~~~~~~~~~~~~~~~~~~~~~~~~~~~~~~~~~~~~~~~
    + CategoryInfo          : NotSpecified: (Traceback (most recent call last)::String) [], RemoteException
    + FullyQualifiedErrorId : NativeCommandError
 
  File "D:\punctaj\build_exe.py", line 33, in <module>
    print(f"\u2713 {file}")
    ~~~~~^^^^^^^^^^^^^
  File "C:\Users\Sebi\AppData\Local\Programs\Python\Python314\Lib\encodings\cp1250.py", line 19, in encode
    return codecs.charmap_encode(input,self.errors,encoding_table)[0]
           ~~~~~~~~~~~~~~~~~~~~~^^^^^^^^^^^^^^^^^^^^^^^^^^^^^^^^^^
UnicodeEncodeError: 'charmap' codec can't encode character '\u2713' in position 0: character maps to <undefined>
